2026-09-17 15:18:31,413 INFO scraper: Starting scrape: last 30 days
2026-09-17 15:18:31,424 INFO tekton_scraper.db.migrate: Applied: CREATE INDEX ON :Run(run_id)
2026-09-17 15:18:31,424 INFO tekton_scraper.db.migrate: Applied: CREATE INDEX ON :Run(created_at)
2026-09-17 15:18:31,424 INFO tekton_scraper.db.migrate: Applied: CREATE INDEX ON :Run(build_number)
2026-09-17 15:18:31,425 INFO tekton_scraper.db.migrate: Applied: CREATE INDEX ON :PR(pr_number)
2026-09-17 15:18:31,425 INFO tekton_scraper.db.migrate: Applied: CREATE INDEX ON :Pipeline(pipeline_id)
2026-09-17 15:18:31,425 INFO tekton_scraper.db.migrate: Applied: CREATE INDEX ON :Stage(stage_id)
2026-09-17 15:18:31,425 INFO tekton_scraper.db.migrate: Applied: CREATE INDEX ON :ErrorType(name)
2026-09-17 15:18:31,426 INFO tekton_scraper.db.migrate: Applied: CREATE INDEX ON :Developer(login)
2026-09-17 15:18:31,426 INFO tekton_scraper.db.migrate: Migration complete.
2026-09-17 15:18:31,426 INFO scraper: Fetching pipeline runs…
2026-09-17 15:18:37,230 INFO scraper: Fetched 225 runs
2026-09-17 15:18:37,232 INFO scraper: Analyzing runs by PR…
2026-09-17 15:18:37,276 INFO scraper: Upserting 37 PRs…
2026-09-17 15:18:37,279 INFO scraper: Upserting 225 runs…
2026-09-17 15:18:37,286 INFO scraper: Analyzing reruns…
2026-09-17 15:19:10,765 INFO scraper: Analyzing error types from logs…
2026-09-17 15:34:29,418 INFO scraper: Starting scrape: last 30 days
2026-09-17 15:34:29,419 INFO tekton_scraper.db.client: Backend: FalkorDB (auto-detected at localhost:6379)
2026-09-17 15:34:29,481 INFO tekton_scraper.db.migrate: FalkorDB migration complete.
2026-09-17 15:34:29,481 INFO scraper: Fetching pipeline runs…
2026-09-17 15:34:34,885 INFO scraper: Starting scrape: last 30 days
2026-09-17 15:34:34,886 INFO tekton_scraper.db.client: Backend: FalkorDB (auto-detected at localhost:6379)
2026-09-17 15:34:34,929 INFO tekton_scraper.db.migrate: FalkorDB migration complete.
2026-09-17 15:34:34,929 INFO scraper: Fetching pipeline runs…
2026-09-17 15:34:59,434 INFO scraper: Starting scrape: last 90 days
2026-09-17 15:34:59,435 INFO tekton_scraper.db.client: Backend: FalkorDB (auto-detected at localhost:6379)
2026-09-17 15:34:59,480 INFO tekton_scraper.db.migrate: FalkorDB migration complete.
2026-09-17 15:34:59,481 INFO scraper: Fetching pipeline runs…
2026-09-17 15:35:18,181 INFO scraper: Fetched 856 runs
2026-09-17 15:35:18,184 INFO scraper: Analyzing runs by PR…
2026-09-17 15:35:18,339 INFO scraper: Upserting 139 PRs…
2026-09-17 15:35:18,342 INFO scraper: Upserting 856 runs…
2026-09-17 15:35:18,369 INFO scraper: Analyzing reruns…
2026-09-17 15:37:28,997 INFO scraper: Analyzing error types from logs…
2026-09-17 15:39:34,822 INFO scraper: Starting scrape: last 90 days
2026-09-17 15:39:34,823 INFO tekton_scraper.db.client: Backend: FalkorDB (auto-detected at localhost:6379)
2026-09-17 15:39:34,867 INFO tekton_scraper.db.migrate: FalkorDB migration complete.
2026-09-17 15:39:34,867 INFO scraper: Fetching pipeline runs…
2026-09-17 15:39:54,808 INFO scraper: Fetched 856 runs
2026-09-17 15:39:54,810 INFO scraper: Analyzing runs by PR…
2026-09-17 15:39:54,967 INFO scraper: Upserting 139 PRs…
2026-09-17 15:39:54,971 INFO scraper: Upserting 856 runs…
2026-09-17 15:39:54,993 INFO scraper: Analyzing reruns…
2026-09-17 15:41:59,975 INFO scraper: Analyzing error types from logs…
2026-09-17 15:41:59,976 INFO scraper: Analyzing stage failures from YAML logs…
2026-09-17 15:41:59,985 INFO scraper: Scrape complete: {'runs_fetched': 856, 'prs_analyzed': 139, 'reruns_detected': 325, 'error_types_found': 0, 'stages_analyzed': 0}
2026-09-17 15:54:49,251 INFO scraper: Starting scrape: last 90 days
2026-09-17 15:54:49,252 INFO tekton_scraper.db.client: Backend: FalkorDB (auto-detected at localhost:6379)
2026-09-17 15:54:49,302 INFO tekton_scraper.db.migrate: FalkorDB migration complete.
2026-09-17 15:54:49,303 INFO scraper: Fetching pipeline runs…
2026-09-17 15:55:07,953 INFO scraper: Fetched 856 runs
2026-09-17 15:55:07,955 INFO scraper: Analyzing runs by PR…
2026-09-17 15:55:08,108 INFO scraper: Upserting 139 PRs…
2026-09-17 15:55:08,113 INFO scraper: Upserting 856 runs…
2026-09-17 15:55:08,135 INFO scraper: Analyzing reruns…
2026-09-17 15:57:06,978 INFO scraper: Analyzing error types from logs…
2026-09-17 15:57:06,979 INFO scraper: Analyzing stage failures via IBM Cloud logs API…
2026-09-17 16:09:40,218 INFO scraper: Starting scrape: last 90 days
2026-09-17 16:09:40,220 INFO tekton_scraper.db.client: Backend: FalkorDB (auto-detected at localhost:6379)
2026-09-17 16:09:40,263 INFO tekton_scraper.db.migrate: FalkorDB migration complete.
2026-09-17 16:09:40,263 INFO scraper: Fetching pipeline runs…
2026-09-17 16:09:59,709 INFO scraper: Fetched 856 runs
2026-09-17 16:09:59,712 INFO scraper: Analyzing runs by PR…
2026-09-17 16:09:59,867 INFO scraper: Upserting 139 PRs…
2026-09-17 16:09:59,871 INFO scraper: Upserting 856 runs…
2026-09-17 16:09:59,893 INFO scraper: Analyzing reruns…
2026-09-17 16:10:12,799 INFO tekton_scraper.collectors.analyze_stages_api: Stage API query limit (200) reached, stopping.
2026-09-17 16:10:12,799 INFO tekton_scraper.collectors.analyze_stages_api: Stage API analysis: queried 200 failed runs, got data for 200
2026-09-17 16:10:12,799 INFO scraper: Also checking local YAML logs for stage detail…
2026-09-17 16:10:12,815 INFO scraper: Scrape complete: {'runs_fetched': 856, 'prs_analyzed': 139, 'reruns_detected': 325, 'error_types_found': 0, 'stages_analyzed': 691}
2026-09-17 16:12:00,990 INFO scraper: Analyzing error types from logs…
2026-09-17 16:12:00,991 INFO scraper: Analyzing stage failures via IBM Cloud logs API…
2026-09-17 16:12:00,991 INFO tekton_scraper.collectors.analyze_stages_api: Stage API query limit (200) reached, capping.
2026-09-17 16:12:00,991 INFO tekton_scraper.collectors.analyze_stages_api: Stage API analysis: fetching logs for 200 failed runs (max_workers=10)…
2026-09-17 16:13:21,838 INFO tekton_scraper.collectors.analyze_stages_api: Stage API analysis: queried 200 failed runs, got data for 200
2026-09-17 16:13:21,838 INFO scraper: Also checking local YAML logs for stage detail…
2026-09-17 16:13:21,854 INFO scraper: Scrape complete: {'runs_fetched': 856, 'prs_analyzed': 139, 'reruns_detected': 325, 'error_types_found': 0, 'stages_analyzed': 691}
2026-09-17 16:55:38,378 INFO scraper: Starting scrape: last 90 days
2026-09-17 16:55:38,380 INFO tekton_scraper.db.client: Backend: FalkorDB (auto-detected at localhost:6379)
2026-09-17 16:55:38,427 INFO tekton_scraper.db.migrate: FalkorDB migration complete.
2026-09-17 16:55:38,427 INFO scraper: Fetching pipeline runs…
2026-09-17 16:55:57,105 INFO scraper: Fetched 856 runs
2026-09-17 16:55:57,109 INFO scraper: Analyzing runs by PR…
2026-09-17 16:55:57,263 INFO scraper: Upserting 139 PRs…
2026-09-17 16:55:57,268 INFO scraper: Upserting 856 runs…
2026-09-17 16:55:57,297 INFO scraper: Analyzing reruns…
2026-09-17 16:57:54,613 INFO scraper: Analyzing error types from logs…
2026-09-17 16:57:54,615 INFO scraper: Analyzing stage failures via IBM Cloud logs API…
2026-09-17 16:57:54,615 INFO tekton_scraper.collectors.analyze_stages_api: Stage API query limit (200) reached, capping.
2026-09-17 16:57:54,615 INFO tekton_scraper.collectors.analyze_stages_api: Stage API analysis: fetching logs for 200 failed runs (max_workers=10)…
2026-09-17 16:59:15,289 INFO tekton_scraper.collectors.analyze_stages_api: Stage API analysis: queried 200 failed runs, got data for 200
2026-09-17 16:59:15,289 INFO scraper: Also checking local YAML logs for stage detail…
2026-09-17 16:59:15,308 INFO scraper: Scrape complete: {'runs_fetched': 856, 'prs_analyzed': 139, 'reruns_detected': 325, 'error_types_found': 0, 'stages_analyzed': 691}
2026-09-17 17:30:06,857 INFO scraper: Starting scrape: last 90 days
2026-09-17 17:30:06,863 INFO tekton_scraper.db.client: Backend: FalkorDB (auto-detected at localhost:6379)
2026-09-17 17:30:06,907 INFO tekton_scraper.db.migrate: FalkorDB migration complete.
2026-09-17 17:30:06,907 INFO scraper: Fetching pipeline runs…
2026-09-17 17:30:27,793 INFO scraper: Fetched 856 runs
2026-09-17 17:30:27,796 INFO scraper: Analyzing runs by PR…
2026-09-17 17:30:27,955 INFO scraper: Upserting 139 PRs…
2026-09-17 17:30:27,960 INFO scraper: Upserting 856 runs…
2026-09-17 17:30:27,983 INFO scraper: Analyzing reruns…
2026-09-17 17:32:36,440 INFO scraper: Analyzing error types from logs…
2026-09-17 17:32:36,441 INFO scraper: Analyzing stage failures via IBM Cloud logs API…
2026-09-17 17:32:36,442 INFO tekton_scraper.collectors.analyze_stages_api: Stage API query limit (200) reached, capping.
2026-09-17 17:32:36,442 INFO tekton_scraper.collectors.analyze_stages_api: Stage API analysis: fetching logs for 200 failed runs (max_workers=10)…
2026-09-17 17:33:59,348 INFO tekton_scraper.collectors.analyze_stages_api: Stage API analysis: queried 200 failed runs, got data for 200
2026-09-17 17:33:59,348 INFO scraper: Also checking local YAML logs for stage detail…
2026-09-17 17:33:59,365 INFO scraper: Scrape complete: {'runs_fetched': 856, 'prs_analyzed': 139, 'reruns_detected': 325, 'error_types_found': 0, 'stages_analyzed': 691}
2026-09-17 17:37:49,844 INFO scraper: Starting scrape: last 90 days
2026-09-17 17:37:49,845 INFO tekton_scraper.db.client: Backend: FalkorDB (auto-detected at localhost:6379)
2026-09-17 17:37:49,891 INFO tekton_scraper.db.migrate: FalkorDB migration complete.
2026-09-17 17:37:49,891 INFO scraper: Fetching pipeline runs…
2026-09-17 17:38:06,656 INFO scraper: Fetched 856 runs
2026-09-17 17:38:06,659 INFO scraper: Analyzing runs by PR…
2026-09-17 17:38:06,819 INFO scraper: Upserting 139 PRs…
2026-09-17 17:38:06,823 INFO scraper: Upserting 856 runs…
2026-09-17 17:38:06,845 INFO scraper: Analyzing reruns…
2026-09-17 17:40:15,282 INFO scraper: Analyzing error types from logs…
2026-09-17 17:40:15,288 INFO scraper: Analyzing stage failures via IBM Cloud logs API…
2026-09-17 17:40:15,288 INFO tekton_scraper.collectors.analyze_stages_api: Stage API query limit (200) reached, capping.
2026-09-17 17:40:15,288 INFO tekton_scraper.collectors.analyze_stages_api: Stage API analysis: fetching logs for 200 failed runs (max_workers=10)…
2026-09-17 17:41:36,363 INFO tekton_scraper.collectors.analyze_stages_api: Stage API analysis: queried 200 failed runs, got data for 200
2026-09-17 17:41:36,363 INFO scraper: Also checking local YAML logs for stage detail…
2026-09-17 17:41:36,378 INFO scraper: Scrape complete: {'runs_fetched': 856, 'prs_analyzed': 139, 'reruns_detected': 325, 'error_types_found': 0, 'stages_analyzed': 691}
2026-09-17 17:43:39,387 INFO scraper: Starting scrape: last 90 days
2026-09-17 17:43:39,388 INFO tekton_scraper.db.client: Backend: FalkorDB (auto-detected at localhost:6379)
2026-09-17 17:43:39,436 INFO tekton_scraper.db.migrate: FalkorDB migration complete.
2026-09-17 17:43:39,437 INFO scraper: Fetching pipeline runs…
2026-09-17 17:43:55,575 INFO scraper: Fetched 856 runs
2026-09-17 17:43:55,578 INFO scraper: Analyzing runs by PR…
2026-09-17 17:43:55,735 INFO scraper: Upserting 139 PRs…
2026-09-17 17:43:55,738 INFO scraper: Upserting 856 runs…
2026-09-17 17:43:55,759 INFO scraper: Analyzing reruns…
2026-09-17 17:46:06,751 INFO scraper: Analyzing error types from logs…
2026-09-17 17:46:06,752 INFO scraper: Analyzing stage failures via IBM Cloud logs API…
2026-09-17 17:46:06,752 INFO tekton_scraper.collectors.analyze_stages_api: Stage API query limit (200) reached, capping.
2026-09-17 17:46:06,752 INFO tekton_scraper.collectors.analyze_stages_api: Stage API analysis: fetching logs for 200 failed runs (max_workers=10)…
2026-09-17 17:47:27,357 INFO tekton_scraper.collectors.analyze_stages_api: Stage API analysis: queried 200 failed runs, got data for 200
2026-09-17 17:47:27,357 INFO scraper: Also checking local YAML logs for stage detail…
2026-09-17 17:47:27,373 INFO scraper: Scrape complete: {'runs_fetched': 856, 'prs_analyzed': 139, 'reruns_detected': 325, 'error_types_found': 0, 'stages_analyzed': 691}
